23:50:45 **** Incremental Build of configuration Debug for project Exercise 4 ****
make -j12 all 
arm-none-eabi-gcc "../Core/Src/main.c" -mcpu=cortex-m3 -std=gnu11 -g3 -DDEBUG -DUSE_HAL_DRIVER -DSTM32F103x6 -c -I../Core/Inc -I../Drivers/STM32F1xx_HAL_Driver/Inc -I../Drivers/STM32F1xx_HAL_Driver/Inc/Legacy -I../Drivers/CMSIS/Device/ST/STM32F1xx/Include -I../Drivers/CMSIS/Include -O0 -ffunction-sections -fdata-sections -Wall -fstack-usage -MMD -MP -MF"Core/Src/main.d" -MT"Core/Src/main.o" --specs=nano.specs -mfloat-abi=soft -mthumb -o "Core/Src/main.o"
../Core/Src/main.c: In function 'main':
../Core/Src/main.c:106:14: warning: unused variable 'MAX_LED' [-Wunused-variable]
  106 |    const int MAX_LED = 4;
      |              ^~~~~~~
arm-none-eabi-gcc -o "Exercise 4.elf" @"objects.list"   -mcpu=cortex-m3 -T"C:\Users\M S I\Desktop\Exercise 4\Exercise 4\STM32F103C6UX_FLASH.ld" --specs=nosys.specs -Wl,-Map="Exercise 4.map" -Wl,--gc-sections -static --specs=nano.specs -mfloat-abi=soft -mthumb -Wl,--start-group -lc -lm -Wl,--end-group
Finished building target: Exercise 4.elf
 
arm-none-eabi-size   Exercise\ 4.elf 
arm-none-eabi-objdump -h -S  Exercise\ 4.elf  > "Exercise 4.list"
arm-none-eabi-objcopy  -O ihex  Exercise\ 4.elf  "Exercise 4.hex"
   text	   data	    bss	    dec	    hex	filename
   7976	     20	   1732	   9728	   2600	Exercise 4.elf
arm-none-eabi-objcopy  -O binary  Exercise\ 4.elf  "Exercise 4.bin"
Finished building: default.size.stdout
 
Finished building: Exercise 4.hex
Finished building: Exercise 4.bin
 
 
Finished building: Exercise 4.list
 
